supremecourt_list error: 0subordinatecourt_list error: 0subordinatecourt_list error: 1subordinatecourt_list error: 2subordinatecourt_list error: 3subordinatecourt_list error: 4